// Jest Snapshot v1, https://goo.gl/fbAQLP

exports[`renders correctly if loading 1`] = `
<div
  className="lds-roller"
>
  <div />
  <div />
  <div />
  <div />
  <div />
  <div />
  <div />
  <div />
</div>
`;

exports[`renders correctly if not loading 1`] = `null`;
