// Jest Snapshot v1, https://goo.gl/fbAQLP

exports[`renders correctly with variable 1`] = `
<div>
  Error
</div>
`;

exports[`renders correctly without variable 1`] = `null`;
